["var parencomparisonchain = ((1 < ... :: Some (Identifier "error")";
 "var parencomparisonchain = ((1 < ... :: Some (Identifier "error")";
 "((1 < x) < 3) :: Some (Identifier "error")";
 "(1 < x) :: Some (Identifier "error")"; "1 :: None"; "x :: None"; "x :: None";
 "3 :: None"; "var paren2 = (1 < (x < 3)) :: Some (Identifier "error")";
 "(1 < (x < 3)) :: Some (Identifier "error")"; "1 :: None"; "(x < 3) :: None";
 "x :: None"; "x :: None"; "3 :: None";
 "var nocomparisonchain = (1 < x) :: Some (Identifier "error")";
 "(1 < x) :: Some (Identifier "error")"; "1 :: None"; "x :: None"; "x :: None"]