"var parencomparisonchain = ((1 < ... :: int
var parencomparisonchain = ((1 < ... :: int
((1 < x) < 3) :: int
(1 < x) :: int
1 :: int
x :: error
3 :: int
var paren2 = (1 < (x < 3)) :: int
(1 < (x < 3)) :: int
1 :: int
(x < 3) :: int
x :: error
3 :: int
var nocomparisonchain = (1 < x) :: int
(1 < x) :: int
1 :: int
x :: error"