["Negatives don't check yet"; "Binary expressions don't check yet";
 "Binary expressions don't check yet"; "Binary expressions don't check yet";
 "Binary expressions don't check yet"; "Binary expressions don't check yet";
 "Binary expressions don't check yet"; "Binary expressions don't check yet";
 "Binary expressions don't check yet"; "Binary expressions don't check yet";
 "Binary expressions don't check yet"; "Binary expressions don't check yet";
 "Binary expressions don't check yet"; "Binary expressions don't check yet";
 "Binary expressions don't check yet"; "Binary expressions don't check yet";
 "Records don't check yet"; "Arrays don't check yet"; "Arrays don't check yet";
 "If doesn't check yet"; "While doesn't check yet"; "For doesn't check yet"]