["Negatives don't check yet"; "Binary expressions don't check yet";
 "Binary expressions don't check yet"; "Binary expressions don't check yet";
 "Binary expressions don't check yet"; "Binary expressions don't check yet";
 "Binary expressions don't check yet"; "Binary expressions don't check yet";
 "Binary expressions don't check yet"; "Binary expressions don't check yet";
 "Binary expressions don't check yet"; "Binary expressions don't check yet"]