["var s = "hi" var n = 1 s n :: Some (Identifier "int")";
 "var s = "hi" :: Some (Identifier "string")";
 ""hi" :: Some (Identifier "string")"; "var n = 1 :: Some (Identifier "int")";
 "1 :: Some (Identifier "int")"; "s :: Some (Identifier "string")";
 "s :: Some (Identifier "string")"; "s :: Some (Identifier "string")";
 "n :: Some (Identifier "int")"; "n :: Some (Identifier "int")";
 "n :: Some (Identifier "int")"]