["var a = null (1; null; null) :: Some (Identifier "error")";
 "var a = null :: Some (Identifier "null")"; "null :: Some (Identifier "null")";
 "(1; null; null) :: Some (Identifier "error")";
 "(1; null; null) :: Some (Identifier "error")"; "1 :: None";
 "null :: Some (Identifier "null")"; "null :: Some (Identifier "null")"]