(File
   [Var ("a", None, IntLiteral 1); ExpressionStatement (Sequence []);
    ExpressionStatement
      (Sequence
         [LValue (Identifier "a"); LValue (Identifier "a");
          LValue (Identifier "a")]);
    ExpressionStatement
      (Sequence [LValue (Identifier "a"); LValue (Identifier "a")])],
 ["var a = 1 () (a; a; a) (a; a):
    [a, var a = 1]"])