["var a = 1 () (a; a; a) (a; a) :: Some (Identifier "error")";
 "var a = 1 :: Some (Identifier "int")"; "1 :: Some (Identifier "int")";
 "() :: Some (Identifier "error")"; "() :: Some (Identifier "error")";
 "(a; a; a) :: Some (Identifier "error")";
 "(a; a; a) :: Some (Identifier "error")"; "a :: None"; "a :: None"; "a :: None";
 "a :: None"; "a :: None"; "a :: None"; "(a; a) :: Some (Identifier "error")";
 "(a; a) :: Some (Identifier "error")"; "a :: None"; "a :: None"; "a :: None";
 "a :: None"]