"var a = 1 () (a; a; a) (a; a) :: Some "error"
var a = 1 :: Some "int"
1 :: Some "int"
() :: Some "error"
() :: Some "error"
(a; a; a) :: Some "error"
(a; a; a) :: Some "error"
a :: None
a :: None
a :: None
a :: None
a :: None
a :: None
(a; a) :: Some "error"
(a; a) :: Some "error"
a :: None
a :: None
a :: None
a :: None"