(File
   [Var ("a", None, IntLiteral 1); ExpressionStatement (Sequence []);
    ExpressionStatement
      (Sequence
         [LValue (Identifier "a"); LValue (Identifier "a");
          LValue (Identifier "a")]);
    ExpressionStatement
      (Sequence [LValue (Identifier "a"); LValue (Identifier "a")])],
 ["File  [Var ("a", None, ...:
  [a, Var ("a", None, IntLite...]"])