["var arthurTwoShedsJackson = 1 art... :: Some (Identifier "int")";
 "var arthurTwoShedsJackson = 1 :: Some (Identifier "int")";
 "1 :: Some (Identifier "int")";
 "arthurTwoShedsJackson = 2 :: Some (Identifier "int")";
 "arthurTwoShedsJackson = 2 :: Some (Identifier "int")";
 "arthurTwoShedsJackson :: Some (Identifier "int")";
 "2 :: Some (Identifier "int")"]