["var s: string = 1 s = 2 :: Some (Identifier "string")";
 "var s: string = 1 :: Some (Identifier "string")";
 "string :: Some (Identifier "string")"; "1 :: Some (Identifier "int")";
 "s = 2 :: Some (Identifier "string")"; "s = 2 :: Some (Identifier "string")";
 "s :: Some (Identifier "string")"; "2 :: Some (Identifier "int")"]