["File  [Type     ("Position", Lite... :: Some (Literal [("n", Identifier "int"); ("s", Identifier "string")])";
 "Type ("Position", Literal [("n", ... :: Some (Literal [("n", Identifier "int"); ("s", Identifier "string")])";
 "Literal [("n", Identifier "int");... :: Some (Literal [("n", Identifier "int"); ("s", Identifier "string")])";
 "Identifier "int" :: Some (Identifier "int")";
 "Identifier "string" :: Some (Identifier "string")"]