["type Position = {n: int, s: string} :: Some (Literal [("n", Identifier "int"); ("s", Identifier "string")])";
 "type Position = {n: int, s: string} :: Some (Literal [("n", Identifier "int"); ("s", Identifier "string")])";
 "{n: int, s: string} :: Some (Literal [("n", Identifier "int"); ("s", Identifier "string")])";
 "int :: Some (Identifier "int")"; "string :: Some (Identifier "string")"]